case_id	ast_fingerprint	outcome	core_fingerprint	obligations	attacks	observations
all-forms-accept	8a8548633d43c103	accept	ca29927052f38c45	-	rebut:arg-pro:arg-con,undercut:arg-pro:arg-pass-inferred:question:cq,undermine:arg-pro:arg-con:premise:0	grounded:claim-main:justified,complete:claim-main:justified,preferred:claim-main:justified,stable:claim-main:justified,semi-stable:claim-main:justified
rule-alpha-left	8a8548633d43c103	accept	ca29927052f38c45	-	rebut:arg-pro:arg-con,undercut:arg-pro:arg-pass-inferred:question:cq,undermine:arg-pro:arg-con:premise:0	grounded:claim-main:justified,complete:claim-main:justified,preferred:claim-main:justified,stable:claim-main:justified,semi-stable:claim-main:justified
rule-alpha-right	9169656d242b8f65	accept	ca29927052f38c45	-	rebut:arg-pro:arg-con,undercut:arg-pro:arg-pass-inferred:question:cq,undermine:arg-pro:arg-con:premise:0	grounded:claim-main:justified,complete:claim-main:justified,preferred:claim-main:justified,stable:claim-main:justified,semi-stable:claim-main:justified
nd-alpha-left	6ea9c89a5dac905f	accept	7ff1d89cfeca95dd	-	-	grounded:claim-main:justified,complete:claim-main:justified,preferred:claim-main:justified,stable:claim-main:justified,semi-stable:claim-main:justified
nd-alpha-right	3451a5561acf50f1	accept	7ff1d89cfeca95dd	-	-	grounded:claim-main:justified,complete:claim-main:justified,preferred:claim-main:justified,stable:claim-main:justified,semi-stable:claim-main:justified
comparison-accept	8a8548633d43c103	accept	ca29927052f38c45	-	rebut:arg-pro:arg-con,undercut:arg-pro:arg-pass-inferred:question:cq,undermine:arg-pro:arg-con:premise:0	grounded:claim-main:justified,complete:claim-main:justified,preferred:claim-main:justified,stable:claim-main:justified,semi-stable:claim-main:justified
cell-interpolation-accept	8a8548633d43c103	accept	ca29927052f38c45	-	rebut:arg-pro:arg-con,undercut:arg-pro:arg-pass-inferred:question:cq,undermine:arg-pro:arg-con:premise:0	grounded:claim-main:justified,complete:claim-main:justified,preferred:claim-main:justified,stable:claim-main:justified,semi-stable:claim-main:justified
named-cert-premise-accept	8a8548633d43c103	accept	ca29927052f38c45	-	rebut:arg-pro:arg-con,undercut:arg-pro:arg-pass-inferred:question:cq,undermine:arg-pro:arg-con:premise:0	grounded:claim-main:justified,complete:claim-main:justified,preferred:claim-main:justified,stable:claim-main:justified,semi-stable:claim-main:justified
named-formula-accept	8a8548633d43c103	accept	ca29927052f38c45	-	rebut:arg-pro:arg-con,undercut:arg-pro:arg-pass-inferred:question:cq,undermine:arg-pro:arg-con:premise:0	grounded:claim-main:justified,complete:claim-main:justified,preferred:claim-main:justified,stable:claim-main:justified,semi-stable:claim-main:justified
capture-reject	7d18e2bb43ae4b94	reject:cert-binder-captures-premise	-	-	-	-
ambiguous-premise-reject	313bb72a2515e558	reject:ambiguous-premise	-	-	-	-
comparison-polarity-reject	e8f1087cba4db4a3	reject:comparison-polarity	-	-	-	-
attack-path-reject	527913296a49c2cf	reject:attack-path	-	-	-	-
conclusion-mismatch-reject	b0aaf549adededf5	reject:conclusion-mismatch	-	-	-	-
challenge-target-reject	080eae0fb434d336	reject:challenge-target	-	-	-	-
unknown-status-reject	2d50f17c395b42b4	reject:unknown-status	-	-	-	-
duplicate-group-id-reject	78dd370ff895139f	reject:duplicate-group-id	-	-	-	-
group-repeated-member-reject	71ec64344ba5f90c	reject:group-repeated-member	-	-	-	-
group-too-few-members-reject	7c9c6ea14f8175f1	reject:group-too-few-members	-	-	-	-
group-member-undeclared-reject	031cade5e52d2b48	reject:group-member-undeclared	-	-	-	-
admission-prune-accept	1dc91ff33b2ff3fa	accept	5a6470a65108f21f	arg-open:cq	-	-
observation-gap	c477366592413b38	accept	dff4d8124b6161cf	-	-	grounded:claim-main:gap,complete:claim-main:gap,preferred:claim-main:gap,stable:claim-main:gap,semi-stable:claim-main:gap
observation-defeated	07b2f8c95b061e36	accept	1195374d5542ead9	-	rebut:arg-con:arg-pro	grounded:claim-main:defeated,complete:claim-main:defeated,preferred:claim-main:defeated,stable:claim-main:defeated,semi-stable:claim-main:defeated
observation-contested	6d2e639552910b9a	accept	388dbdde0c5fe725	-	rebut:arg-pro:arg-con,rebut:arg-con:arg-pro	grounded:claim-main:contested,complete:claim-main:contested,preferred:claim-main:contested,stable:claim-main:contested,semi-stable:claim-main:contested
observation-no-extension	32661979e4e84ffa	accept	8ffc915fe06c656c	-	rebut:arg-pro:arg-pro	grounded:claim-main:contested,complete:claim-main:contested,preferred:claim-main:contested,stable:claim-main:noExtension,semi-stable:claim-main:contested
