case_id	ast_fingerprint	outcome	core_fingerprint	authored_open	located_holes	attacks	observations
all-forms-accept	f14b333a06dc8b67	accept	ca29927052f38c45	-	-	rebut:arg-pro:arg-con,undercut:arg-pro:arg-pass-inferred:question:cq,undermine:arg-pro:arg-con:premise:0	grounded:claim-main:justified,complete:claim-main:justified,preferred:claim-main:justified,stable:claim-main:justified,semi-stable:claim-main:justified
rule-alpha-left	f14b333a06dc8b67	accept	ca29927052f38c45	-	-	rebut:arg-pro:arg-con,undercut:arg-pro:arg-pass-inferred:question:cq,undermine:arg-pro:arg-con:premise:0	grounded:claim-main:justified,complete:claim-main:justified,preferred:claim-main:justified,stable:claim-main:justified,semi-stable:claim-main:justified
rule-alpha-right	c34d0bdad6d91451	accept	ca29927052f38c45	-	-	rebut:arg-pro:arg-con,undercut:arg-pro:arg-pass-inferred:question:cq,undermine:arg-pro:arg-con:premise:0	grounded:claim-main:justified,complete:claim-main:justified,preferred:claim-main:justified,stable:claim-main:justified,semi-stable:claim-main:justified
nd-alpha-left	812b4168e7bd41f2	accept	7ff1d89cfeca95dd	-	-	-	grounded:claim-main:justified,complete:claim-main:justified,preferred:claim-main:justified,stable:claim-main:justified,semi-stable:claim-main:justified
nd-alpha-right	260dedc30af147bc	accept	7ff1d89cfeca95dd	-	-	-	grounded:claim-main:justified,complete:claim-main:justified,preferred:claim-main:justified,stable:claim-main:justified,semi-stable:claim-main:justified
comparison-accept	f14b333a06dc8b67	accept	ca29927052f38c45	-	-	rebut:arg-pro:arg-con,undercut:arg-pro:arg-pass-inferred:question:cq,undermine:arg-pro:arg-con:premise:0	grounded:claim-main:justified,complete:claim-main:justified,preferred:claim-main:justified,stable:claim-main:justified,semi-stable:claim-main:justified
cell-interpolation-accept	f14b333a06dc8b67	accept	ca29927052f38c45	-	-	rebut:arg-pro:arg-con,undercut:arg-pro:arg-pass-inferred:question:cq,undermine:arg-pro:arg-con:premise:0	grounded:claim-main:justified,complete:claim-main:justified,preferred:claim-main:justified,stable:claim-main:justified,semi-stable:claim-main:justified
named-cert-premise-accept	f14b333a06dc8b67	accept	ca29927052f38c45	-	-	rebut:arg-pro:arg-con,undercut:arg-pro:arg-pass-inferred:question:cq,undermine:arg-pro:arg-con:premise:0	grounded:claim-main:justified,complete:claim-main:justified,preferred:claim-main:justified,stable:claim-main:justified,semi-stable:claim-main:justified
named-formula-accept	f14b333a06dc8b67	accept	ca29927052f38c45	-	-	rebut:arg-pro:arg-con,undercut:arg-pro:arg-pass-inferred:question:cq,undermine:arg-pro:arg-con:premise:0	grounded:claim-main:justified,complete:claim-main:justified,preferred:claim-main:justified,stable:claim-main:justified,semi-stable:claim-main:justified
capture-reject	f39d234e04387012	reject:cert-binder-captures-premise	-	-	-	-	-
ambiguous-premise-reject	7738bfac70578f70	reject:ambiguous-premise	-	-	-	-	-
comparison-polarity-reject	2e691c6c5d256247	reject:comparison-polarity	-	-	-	-	-
attack-path-reject	43993afd15a3ad45	reject:attack-path	-	-	-	-	-
conclusion-mismatch-reject	909a1f3261252d8d	reject:conclusion-mismatch	-	-	-	-	-
challenge-target-reject	bc375c301a1e9bf8	reject:challenge-target	-	-	-	-	-
unknown-status-reject	64de68f07b184db6	reject:unknown-status	-	-	-	-	-
duplicate-group-id-reject	1736a111ac92ab5f	reject:duplicate-group-id	-	-	-	-	-
group-repeated-member-reject	4557538d5250ebde	reject:group-repeated-member	-	-	-	-	-
group-too-few-members-reject	d264298b78018191	reject:group-too-few-members	-	-	-	-	-
group-member-undeclared-reject	373caa8760d2a7ca	reject:group-member-undeclared	-	-	-	-	-
admission-prune-no-context	71cdcdfbdf49f26e	reject:certified-evidence	-	-	-	-	-
observation-gap	173ec416a3769ad0	accept	dff4d8124b6161cf	-	-	-	grounded:claim-main:gap,complete:claim-main:gap,preferred:claim-main:gap,stable:claim-main:gap,semi-stable:claim-main:gap
observation-defeated	03be0c208546054a	accept	1195374d5542ead9	-	-	rebut:arg-con:arg-pro	grounded:claim-main:defeated,complete:claim-main:defeated,preferred:claim-main:defeated,stable:claim-main:defeated,semi-stable:claim-main:defeated
observation-contested	c26d9e6940d2df8e	accept	388dbdde0c5fe725	-	-	rebut:arg-pro:arg-con,rebut:arg-con:arg-pro	grounded:claim-main:contested,complete:claim-main:contested,preferred:claim-main:contested,stable:claim-main:contested,semi-stable:claim-main:contested
observation-no-extension	7accc98669df386a	accept	8ffc915fe06c656c	-	-	rebut:arg-pro:arg-pro	grounded:claim-main:contested,complete:claim-main:contested,preferred:claim-main:contested,stable:claim-main:noExtension,semi-stable:claim-main:contested
located-gap-root	9392a758ceb018d9	accept	c096fcd07bbe6157	arg-open:cq	arg-open:cq	-	grounded:claim-main:gap,complete:claim-main:gap,preferred:claim-main:gap,stable:claim-main:gap,semi-stable:claim-main:gap
located-gap-premise	a39e46c755176ce7	accept	947dada7611b4e7d	arg-open:cq,arg-wrap:cq	arg-open:cq,arg-wrap:cq	-	grounded:claim-main:gap,complete:claim-main:gap,preferred:claim-main:gap,stable:claim-main:gap,semi-stable:claim-main:gap
located-gap-discharge	da0c34c281c2ee0e	accept	38d554c541b93f5f	arg-open:cq,arg-discharged:cq	arg-open:cq,arg-discharged:cq	-	grounded:claim-main:justified,complete:claim-main:justified,preferred:claim-main:justified,stable:claim-main:justified,semi-stable:claim-main:justified
